== [0] 加载样本 ==
[frozen] 消费冻结件: samples_frozen_20260910.jsonl
[frozen] G-A 内部完整性 : PASS（PASS（sha=be8e55f02b39… n=3371））
[frozen] G-B K线指纹    : DRIFTED（本轮数字与锚定历史轮次**不可比**，报告必须原样记录且不得引用历史绝对值作门槛）
  总样本 3371
== [1] 冻结切分：train < 2025-05-14（2438），OOS ≥ 2025-05-14（923）==
== [2] WF 4 折（63 交易日/折，与 Rolling OOS 同窗；每折 expanding 重训）==
  折 1: test 2025-05-14 ~ 2025-08-28（train cutoff < 2025-05-07，n_train=2438）
  折 2: test 2025-08-29 ~ 2025-12-23（train cutoff < 2025-08-22，n_train=2631）
  折 3: test 2025-12-24 ~ 2026-04-21（train cutoff < 2025-12-17，n_train=2862）
  折 4: test 2026-04-22 ~ 2026-08-12（train cutoff < 2026-04-15，n_train=3090）
  T+1 frozen 模型：就绪
  T+3 frozen 模型：就绪
  T+5 frozen 模型：就绪

=== 折 1/4：2025-05-14 ~ 2025-08-28 ===
  T+1 WF RankIC=-0.008 Brier=0.632（n=198）
  T+3 WF RankIC=+0.134 Brier=0.545（n=198）
  T+5 WF RankIC=-0.040 Brier=0.523（n=198）
  Path-WF T+5：μ=+0.00049 σ=0.03815 hit(mdd10/mdd50/mfe50)=0.5%/2.0%/36.4% (n=198)

=== 折 2/4：2025-08-29 ~ 2025-12-23 ===
  T+1 WF RankIC=+0.085 Brier=0.590（n=231）
  T+3 WF RankIC=-0.146 Brier=0.627（n=231）
  T+5 WF RankIC=-0.151 Brier=0.600（n=231）
  Path-WF T+5：μ=+0.00083 σ=0.02368 hit(mdd10/mdd50/mfe50)=12.1%/58.4%/22.9% (n=231)

=== 折 3/4：2025-12-24 ~ 2026-04-21 ===
  T+1 WF RankIC=+0.052 Brier=0.588（n=228）
  T+3 WF RankIC=+0.044 Brier=0.562（n=228）
  T+5 WF RankIC=-0.107 Brier=0.576（n=228）
  Path-WF T+5：μ=+0.00096 σ=0.02790 hit(mdd10/mdd50/mfe50)=5.7%/45.2%/31.1% (n=228)

=== 折 4/4：2026-04-22 ~ 2026-08-12 ===
  T+1 WF RankIC=-0.047 Brier=0.571（n=266）
  T+3 WF RankIC=-0.034 Brier=0.567（n=266）
  T+5 WF RankIC=-0.058 Brier=0.572（n=266）
  Path-WF T+5：μ=+0.00108 σ=0.03215 hit(mdd10/mdd50/mfe50)=17.3%/58.3%/28.9% (n=266)

== [3] pooled WF OOS（各折预测拼接）==
  T+1 pooled WF RankIC=+0.009 CI=[-0.059, +0.066]（n=923 / 306 日）
  T+3 pooled WF RankIC=+0.008 CI=[-0.058, +0.080]（n=923 / 306 日）
  T+5 pooled WF RankIC=-0.079 CI=[-0.158, -0.016]（n=923 / 306 日）

== [3b] Path-WF pooled（4 折 / 923 样本）==
  hit mdd10=9.5%（期望 ~10%） mdd50=43.0%（期望 ~50%） mfe50=29.6%（期望 ~50%）

== [3c] 逐折部署式 CQR（折内 split-conformal，P1-③）==
  T+1: pooled coverage = 85.8%（raw 56.6%，名义 80%）· qhat均值=0.0226 范围[0.0189, 0.0259]（4 折可用）
  T+3: pooled coverage = 86.6%（raw 55.8%，名义 80%）· qhat均值=0.0456 范围[0.0435, 0.0500]（4 折可用）
  T+5: pooled coverage = 85.3%（raw 51.0%，名义 80%）· qhat均值=0.0577 范围[0.0495, 0.0638]（4 折可用）

判定：wf_fail —— ❌ WF 失效：部署式重训下整体优势不显著——冻结模型的 +0.080 含「模型过期红利」成分，T+5 不值得继续向 Policy 推进

[ok] 报告 → D:\PythonProject\QuantV1\output\backtest_walk_forward_20260930.md
[done] 耗时 25s
