# 面 8（网络数据域）Phase 1 基线指纹（Agent B，2026-10-03T12:15+08:00）
# 目的：Phase 2 修复期间自证「在审文件无基线漂移」——A 独立核验时可比对本表。
# 基线 commit: baab86c34a1e4361c900e75f68c1cf4131b46560 (2026-10-02 02:36:10 +0800)
#   "D7 文档域修复（共 15 条：README-8/AGENTS-3/tests+evidence-3）；D7-15 Obsidian 笔记索引未入 repo（归 Summer 裁决）"
# 采集方式：Get-FileHash -Algorithm SHA256（只读，零副作用，未运行任何在审脚本）
# 说明：git status 显示的工作区改动全部位于 data/ 与 output/（高翻动运行产物），
#   在审代码文件（core/netutil.py、core/datasource/*、pull/probe 脚本、core/no_net_guard.py）
#   均未出现在 git status 改动列表中 ⇒ 代码基线 = baab86c，无未提交代码改动。

[在审文件 13 项]
D9F3E3AA1FAB2265226A7B26233A9ED7193ADBE58C197153044A67768210307D  core/netutil.py
730DD1A7B70461A5428F7A8716979FF96AD654146F0D324922F0E05013156DA5  core/no_net_guard.py
C88896AABBA6F8A7C9348070CE902740055F3655257D1F8BD6D6D9963484030D  core/datasource/__init__.py
A80FBA136FCADB7B5B79EB783A6BE67E9BFD4A4E73F7802211C22372432D2D9E  core/datasource/base.py
3D88E0CB191603B2F976E538AA0E465D357F809A2009259D7ABD3B9E45A3CB7E  core/datasource/chain.py
D2A8EB87FF57FB2C0C6B0064C16CBC71D854561275F4F943D5E07BC44E2D57E6  core/datasource/health.py
FD7401B63BFF3F7D2167470512132D4C644C634489F1991A50B0B2828F702DF6  core/datasource/registry.py
5EB651D9A3D0695D2E42AC0B6EBBE5D775CC74405FB4219B234ABDF09F23C4E0  core/datasource/symbols.py
89705D1D668EB0FEB871E3EE3B1AAA333CE60ABBBBDB5C3E90FFC5A9D391322A  pull_sector_klines.py
F274FB72898B8F871572C573D738865D1752EC8BC8D9302E8690732191E4FCBA  pull_sector_klines_burst.py
28FED5B11B0C4BA8634A7A07D0AC7BA8736909988CAA72283721762306593C93  pull_sector_klines_evening.py
8F2F9B585213C439258F485EF7B8A4F1AF625845DDD1A4934ACEA816F4471726  pull_sector_klines_pw.py
5340C381DFFFB365F9FAC2F20E3F45ACB848EB5CE58A5CF724040A887BCD0618  probe_t1_pool.py

[core/datasource/providers/ 7 项（在审 datasource 域的组成部分，一并采基线）]
9460B49B71E1E33B99A157796B7010908FC4AFC80BDFEBEF8D3F9DDE5CD255A7  core/datasource/providers/fund_eastmoney.py
7FD0C22305F90E4EFAC8D26A5482DDADC3B342FD8540DFA2B989E6DEF419DD26  core/datasource/providers/fund_sina.py
1959B0C376F231303738FE36B0CC8314C630D971D3E61EDB962AB626AE048DA7  core/datasource/providers/realtime_tencent.py
9804BA29515EB1B8434AF7B2B271D2CA271179CC4CD0F97B02CBA6603885A8AF  core/datasource/providers/stock_eastmoney.py
2C66CB245662396D0FFE3A514DCABA1ED16637F5AD4E259F48F22AB1A2FD6B4D  core/datasource/providers/stock_tencent.py
404D3D9D413A1C4EC87E7C5D9E5B7404162E6AF538248B3838B1E4826E6BE4FD  core/datasource/providers/stock_tushare.py
B3806C3D5AD6C754660F610AD2005D2DD36251F6548828D863F9D0E6C5859E1B  core/datasource/providers/__init__.py

[Phase 1 期间零副作用承诺]
- 未运行任何 pull*/probe*/datasource 相关脚本（含 --help，铁律 8 禁止项）。
- 未修改任何在审文件；本 log 为 evidence/ 新增文件，不触碰在审代码。
- 已读档：AGENTS.md（铁律 1/7/8 全文）、evidence/README.md、evidence/INDEX.md 尾部格式。
